// Jest Snapshot v1, https://goo.gl/fbAQLP

exports[`Test Upper.tsx To match snapshot 1`] = `
<DocumentFragment>
  <div
    class="sc-dlfnuX kcygjN"
  >
    <span
      class="sc-bdfBQB iqkcpy"
    >
      <span>
        netflix
      </span>
      roulette
    </span>
    <button
      class="sc-gsTEea sc-hKgJUU bYHHgn gJqPpG"
    >
      + add movie
    </button>
  </div>
</DocumentFragment>
`;
